Archive member included to satisfy reference by file (symbol)

/Users/toanthanh/Downloads/Arduino.app/Contents/Java/hardware/tools/avr/bin/../lib/gcc/avr/4.8.1/avr6/libgcc.a(_exit.o)
                              /Users/toanthanh/Downloads/Arduino.app/Contents/Java/hardware/tools/avr/bin/../lib/gcc/avr/4.8.1/../../../../avr/lib/avr6/crtm2560.o (exit)
/Users/toanthanh/Downloads/Arduino.app/Contents/Java/hardware/tools/avr/bin/../lib/gcc/avr/4.8.1/avr6/libgcc.a(_copy_data.o)
                              ./src/main.o (__do_copy_data)
/Users/toanthanh/Downloads/Arduino.app/Contents/Java/hardware/tools/avr/bin/../lib/gcc/avr/4.8.1/avr6/libgcc.a(_clear_bss.o)
                              ./src/main.o (__do_clear_bss)
/Users/toanthanh/Downloads/Arduino.app/Contents/Java/hardware/tools/avr/bin/../lib/gcc/avr/4.8.1/../../../../avr/lib/avr6/libc.a(strncmp.o)
                              ./src/main.o (strncmp)
/Users/toanthanh/Downloads/Arduino.app/Contents/Java/hardware/tools/avr/bin/../lib/gcc/avr/4.8.1/../../../../avr/lib/avr6/libc.a(sscanf.o)
                              ./src/main.o (sscanf)
/Users/toanthanh/Downloads/Arduino.app/Contents/Java/hardware/tools/avr/bin/../lib/gcc/avr/4.8.1/../../../../avr/lib/avr6/libc.a(vfscanf_std.o)
                              /Users/toanthanh/Downloads/Arduino.app/Contents/Java/hardware/tools/avr/bin/../lib/gcc/avr/4.8.1/../../../../avr/lib/avr6/libc.a(sscanf.o) (vfscanf)
/Users/toanthanh/Downloads/Arduino.app/Contents/Java/hardware/tools/avr/bin/../lib/gcc/avr/4.8.1/../../../../avr/lib/avr6/libc.a(isspace.o)
                              /Users/toanthanh/Downloads/Arduino.app/Contents/Java/hardware/tools/avr/bin/../lib/gcc/avr/4.8.1/../../../../avr/lib/avr6/libc.a(vfscanf_std.o) (isspace)
/Users/toanthanh/Downloads/Arduino.app/Contents/Java/hardware/tools/avr/bin/../lib/gcc/avr/4.8.1/../../../../avr/lib/avr6/libc.a(strchr_P.o)
                              /Users/toanthanh/Downloads/Arduino.app/Contents/Java/hardware/tools/avr/bin/../lib/gcc/avr/4.8.1/../../../../avr/lib/avr6/libc.a(vfscanf_std.o) (strchr_P)
/Users/toanthanh/Downloads/Arduino.app/Contents/Java/hardware/tools/avr/bin/../lib/gcc/avr/4.8.1/../../../../avr/lib/avr6/libc.a(fgetc.o)
                              /Users/toanthanh/Downloads/Arduino.app/Contents/Java/hardware/tools/avr/bin/../lib/gcc/avr/4.8.1/../../../../avr/lib/avr6/libc.a(vfscanf_std.o) (fgetc)
/Users/toanthanh/Downloads/Arduino.app/Contents/Java/hardware/tools/avr/bin/../lib/gcc/avr/4.8.1/../../../../avr/lib/avr6/libc.a(ungetc.o)
                              /Users/toanthanh/Downloads/Arduino.app/Contents/Java/hardware/tools/avr/bin/../lib/gcc/avr/4.8.1/../../../../avr/lib/avr6/libc.a(vfscanf_std.o) (ungetc)
/Users/toanthanh/Downloads/Arduino.app/Contents/Java/hardware/tools/avr/bin/../lib/gcc/avr/4.8.1/../../../../avr/lib/avr6/libc.a(cty_isfalse.o)
                              /Users/toanthanh/Downloads/Arduino.app/Contents/Java/hardware/tools/avr/bin/../lib/gcc/avr/4.8.1/../../../../avr/lib/avr6/libc.a(isspace.o) (__ctype_isfalse)
