Archive member included to satisfy reference by file (symbol)

/Users/toanthanh/Documents/workspace/ArduinoCore/Release/libArduinoCore.a(HardwareSerial.o)
                              ./src/main.o (_ZN14HardwareSerial5beginEmh)
/Users/toanthanh/Documents/workspace/ArduinoCore/Release/libArduinoCore.a(HardwareSerial0.o)
                              ./src/main.o (Serial)
/Users/toanthanh/Documents/workspace/ArduinoCore/Release/libArduinoCore.a(Print.o)
                              /Users/toanthanh/Documents/workspace/ArduinoCore/Release/libArduinoCore.a(HardwareSerial.o) (_ZN5Print5writeEPKhj)
/Users/toanthanh/Documents/workspace/ArduinoCore/Release/libArduinoCore.a(abi.o)
                              /Users/toanthanh/Documents/workspace/ArduinoCore/Release/libArduinoCore.a(Print.o) (__cxa_pure_virtual)
/Users/toanthanh/Documents/workspace/ArduinoCore/Release/libArduinoCore.a(wiring.o)
                              ./lib/CS_MQ7.o (millis)
/Users/toanthanh/Documents/workspace/ArduinoCore/Release/libArduinoCore.a(wiring_analog.o)
                              ./src/main.o (analogRead)
/Users/toanthanh/Documents/workspace/ArduinoCore/Release/libArduinoCore.a(wiring_digital.o)
                              ./lib/CS_MQ7.o (pinMode)
/Users/toanthanh/Documents/workspace/ArduinoCore/Release/libArduinoCore.a(hooks.o)
                              /Users/toanthanh/Documents/workspace/ArduinoCore/Release/libArduinoCore.a(wiring.o) (yield)
/Users/toanthanh/Downloads/Arduino.app/Contents/Java/hardware/tools/avr/bin/../lib/gcc/avr/4.8.1/avr6/libgcc.a(_udivmodsi4.o)
                              /Users/toanthanh/Documents/workspace/ArduinoCore/Release/libArduinoCore.a(HardwareSerial.o) (__udivmodsi4)
/Users/toanthanh/Downloads/Arduino.app/Contents/Java/hardware/tools/avr/bin/../lib/gcc/avr/4.8.1/avr6/libgcc.a(_exit.o)
                              /Users/toanthanh/Downloads/Arduino.app/Contents/Java/hardware/tools/avr/bin/../lib/gcc/avr/4.8.1/../../../../avr/lib/avr6/crtm2560.o (exit)
/Users/toanthanh/Downloads/Arduino.app/Contents/Java/hardware/tools/avr/bin/../lib/gcc/avr/4.8.1/avr6/libgcc.a(_tablejump.o)
                              /Users/toanthanh/Documents/workspace/ArduinoCore/Release/libArduinoCore.a(wiring_analog.o) (__tablejump2__)
/Users/toanthanh/Downloads/Arduino.app/Contents/Java/hardware/tools/avr/bin/../lib/gcc/avr/4.8.1/avr6/libgcc.a(_copy_data.o)
                              /Users/toanthanh/Documents/workspace/ArduinoCore/Release/libArduinoCore.a(HardwareSerial.o) (__do_copy_data)
/Users/toanthanh/Downloads/Arduino.app/Contents/Java/hardware/tools/avr/bin/../lib/gcc/avr/4.8.1/avr6/libgcc.a(_clear_bss.o)
                              ./src/main.o (__do_clear_bss)
/Users/toanthanh/Downloads/Arduino.app/Contents/Java/hardware/tools/avr/bin/../lib/gcc/avr/4.8.1/avr6/libgcc.a(_ctors.o)
                              ./src/main.o (__do_global_ctors)
/Users/toanthanh/Downloads/Arduino.app/Contents/Java/hardware/tools/avr/bin/../lib/gcc/avr/4.8.1/avr6/libgcc.a(_tablejump_elpm.o)
                              /Users/toanthanh/Downloads/Arduino.app/Contents/Java/hardware/tools/avr/bin/../lib/gcc/avr/4.8.1/avr6/libgcc.a(_ctors.o) (__tablejump_elpm__)
/Users/toanthanh/Downloads/Arduino.app/Contents/Java/hardware/tools/avr/bin/../lib/gcc/avr/4.8.1/../../../../avr/lib/avr6/libm.a(addsf3.o)
                              /Users/toanthanh/Documents/workspace/ArduinoCore/Release/libArduinoCore.a(Print.o) (__subsf3)
/Users/toanthanh/Downloads/Arduino.app/Contents/Java/hardware/tools/avr/bin/../lib/gcc/avr/4.8.1/../../../../avr/lib/avr6/libm.a(addsf3x.o)
                              /Users/toanthanh/Downloads/Arduino.app/Contents/Java/hardware/tools/avr/bin/../lib/gcc/avr/4.8.1/../../../../avr/lib/avr6/libm.a(addsf3.o) (__addsf3x)
/Users/toanthanh/Downloads/Arduino.app/Contents/Java/hardware/tools/avr/bin/../lib/gcc/avr/4.8.1/../../../../avr/lib/avr6/libm.a(cmpsf2.o)
                              /Users/toanthanh/Documents/workspace/ArduinoCore/Release/libArduinoCore.a(Print.o) (__ltsf2)
/Users/toanthanh/Downloads/Arduino.app/Contents/Java/hardware/tools/avr/bin/../lib/gcc/avr/4.8.1/../../../../avr/lib/avr6/libm.a(divsf3.o)
                              /Users/toanthanh/Documents/workspace/ArduinoCore/Release/libArduinoCore.a(Print.o) (__divsf3)
/Users/toanthanh/Downloads/Arduino.app/Contents/Java/hardware/tools/avr/bin/../lib/gcc/avr/4.8.1/../../../../avr/lib/avr6/libm.a(divsf3x.o)
                              /Users/toanthanh/Downloads/Arduino.app/Contents/Java/hardware/tools/avr/bin/../lib/gcc/avr/4.8.1/../../../../avr/lib/avr6/libm.a(divsf3.o) (__divsf3x)
/Users/toanthanh/Downloads/Arduino.app/Contents/Java/hardware/tools/avr/bin/../lib/gcc/avr/4.8.1/../../../../avr/lib/avr6/libm.a(fixsfsi.o)
                              /Users/toanthanh/Documents/workspace/ArduinoCore/Release/libArduinoCore.a(Print.o) (__fixsfsi)
[...]
Memory Configuration

Name             Origin             Length             Attributes
text             0x00000000         0x00100000         xr
data             0x00800200         0x0000fe00         rw !x
eeprom           0x00810000         0x00010000         rw !x
fuse             0x00820000         0x00000400         rw !x
lock             0x00830000         0x00000400         rw !x
signature        0x00840000         0x00000400         rw !x
*default*        0x00000000         0xffffffff

Linker script and memory map

Address of section .data set to 0x800200
LOAD /Users/toanthanh/Downloads/Arduino.app/Contents/Java/hardware/tools/avr/bin/../lib/gcc/avr/4.8.1/../../../../avr/lib/avr6/crtm2560.o
LOAD ./src/main.o
LOAD ./lib/CS_MQ7.o
LOAD /Users/toanthanh/Documents/workspace/ArduinoCore/Release/libArduinoCore.a
LOAD /Users/toanthanh/Downloads/Arduino.app/Contents/Java/hardware/tools/avr/bin/../lib/gcc/avr/4.8.1/avr6/libgcc.a
LOAD /Users/toanthanh/Downloads/Arduino.app/Contents/Java/hardware/tools/avr/bin/../lib/gcc/avr/4.8.1/../../../../avr/lib/avr6/libm.a
START GROUP
LOAD /Users/toanthanh/Downloads/Arduino.app/Contents/Java/hardware/tools/avr/bin/../lib/gcc/avr/4.8.1/avr6/libgcc.a
LOAD /Users/toanthanh/Downloads/Arduino.app/Contents/Java/hardware/tools/avr/bin/../lib/gcc/avr/4.8.1/../../../../avr/lib/avr6/libm.a
LOAD /Users/toanthanh/Downloads/Arduino.app/Contents/Java/hardware/tools/avr/bin/../lib/gcc/avr/4.8.1/../../../../avr/lib/avr6/libc.a
END GROUP

.hash
 *(.hash)

.dynsym
 *(.dynsym)

.dynstr
 *(.dynstr)

.gnu.version
 *(.gnu.version)

.gnu.version_d
 *(.gnu.version_d)

.gnu.version_r
 *(.gnu.version_r)

.rel.init
 *(.rel.init)

.rela.init
 *(.rela.init)

.rel.text
 *(.rel.text)
 *(.rel.text.*)
 *(.rel.gnu.linkonce.t*)

.rela.text
 *(.rela.text)
 *(.rela.text.*)
 *(.rela.gnu.linkonce.t*)

.rel.fini
 *(.rel.fini)

.rela.fini
 *(.rela.fini)

.rel.rodata
 *(.rel.rodata)
 *(.rel.rodata.*)
 *(.rel.gnu.linkonce.r*)

.rela.rodata
 *(.rela.rodata)
 *(.rela.rodata.*)
 *(.rela.gnu.linkonce.r*)

.rel.data
 *(.rel.data)
 *(.rel.data.*)
 *(.rel.gnu.linkonce.d*)

.rela.data
 *(.rela.data)
 *(.rela.data.*)
 *(.rela.gnu.linkonce.d*)

.rel.ctors
 *(.rel.ctors)

.rela.ctors
 *(.rela.ctors)

.rel.dtors
 *(.rel.dtors)

.rela.dtors
 *(.rela.dtors)

.rel.got
 *(.rel.got)

.rela.got
 *(.rela.got)

.rel.bss
 *(.rel.bss)

.rela.bss
 *(.rela.bss)

.rel.plt
 *(.rel.plt)

.rela.plt
 *(.rela.plt)

.text           0x00000000      0xb78
 *(.vectors)
 .vectors       0x00000000       0xe4 /Users/toanthanh/Downloads/Arduino.app/Contents/Java/hardware/tools/avr/bin/../lib/gcc/avr/4.8.1/../../../../avr/lib/avr6/crtm2560.o
                0x00000000                __vectors
                0x00000000                __vector_default
 *(.vectors)
 *(.progmem.gcc*)
                0x000000e4                . = ALIGN (0x2)
                0x000000e4                __trampolines_start = .
 *(.trampolines)
 .trampolines   0x000000e4        0x0 linker stubs
 *(.trampolines*)
                0x000000e4                __trampolines_end = .
 *(.progmem*)
 .progmem.data.digital_pin_to_bit_mask_PGM
                0x000000e4       0x46 /Users/toanthanh/Documents/workspace/ArduinoCore/Release/libArduinoCore.a(wiring_digital.o)
                0x000000e4                digital_pin_to_bit_mask_PGM
 .progmem.data.digital_pin_to_port_PGM
                0x0000012a       0x46 /Users/toanthanh/Documents/workspace/ArduinoCore/Release/libArduinoCore.a(wiring_digital.o)
                0x0000012a                digital_pin_to_port_PGM
 .progmem.data.port_to_output_PGM
                0x00000170       0x1a /Users/toanthanh/Documents/workspace/ArduinoCore/Release/libArduinoCore.a(wiring_digital.o)
                0x00000170                port_to_output_PGM
 .progmem.data.port_to_mode_PGM
                0x0000018a       0x1a /Users/toanthanh/Documents/workspace/ArduinoCore/Release/libArduinoCore.a(wiring_digital.o)
                0x0000018a                port_to_mode_PGM
                0x000001a4                . = ALIGN (0x2)
 *(.jumptables)
 *(.jumptables*)
 *(.lowtext)
 *(.lowtext*)
                0x000001a4                __ctors_start = .
 *(.ctors)
 .ctors         0x000001a4        0x2 ./src/main.o
 .ctors         0x000001a6        0x2 /Users/toanthanh/Documents/workspace/ArduinoCore/Release/libArduinoCore.a(HardwareSerial0.o)
                0x000001a8                __ctors_end = .
                0x000001a8                __dtors_start = .
 *(.dtors)
                0x000001a8                __dtors_end = .
 SORT(*)(.ctors)
 SORT(*)(.dtors)
 *(.init0)
 .init0         0x000001a8        0x0 /Users/toanthanh/Downloads/Arduino.app/Contents/Java/hardware/tools/avr/bin/../lib/gcc/avr/4.8.1/../../../../avr/lib/avr6/crtm2560.o
                0x000001a8                __init
 *(.init0)
 *(.init1)
 *(.init1)
 *(.init2)
 .init2         0x000001a8       0x10 /Users/toanthanh/Downloads/Arduino.app/Contents/Java/hardware/tools/avr/bin/../lib/gcc/avr/4.8.1/../../../../avr/lib/avr6/crtm2560.o
 *(.init2)
 *(.init3)
 *(.init3)
 *(.init4)
 .init4         0x000001b8       0x1a /Users/toanthanh/Downloads/Arduino.app/Contents/Java/hardware/tools/avr/bin/../lib/gcc/avr/4.8.1/avr6/libgcc.a(_copy_data.o)
                0x000001b8                __do_copy_data
 .init4         0x000001d2       0x10 /Users/toanthanh/Downloads/Arduino.app/Contents/Java/hardware/tools/avr/bin/../lib/gcc/avr/4.8.1/avr6/libgcc.a(_clear_bss.o)
                0x000001d2                __do_clear_bss
 *(.init4)
 *(.init5)
 *(.init5)
 *(.init6)
 .init6         0x000001e2       0x1e /Users/toanthanh/Downloads/Arduino.app/Contents/Java/hardware/tools/avr/bin/../lib/gcc/avr/4.8.1/avr6/libgcc.a(_ctors.o)
                0x000001e2                __do_global_ctors
 *(.init6)
 *(.init7)
 *(.init7)
 *(.init8)
 *(.init8)
 *(.init9)
 .init9         0x00000200        0x4 /Users/toanthanh/Downloads/Arduino.app/Contents/Java/hardware/tools/avr/bin/../lib/gcc/avr/4.8.1/../../../../avr/lib/avr6/crtm2560.o
 *(.init9)
 *(.text)
 .text          0x00000204        0x2 /Users/toanthanh/Downloads/Arduino.app/Contents/Java/hardware/tools/avr/bin/../lib/gcc/avr/4.8.1/../../../../avr/lib/avr6/crtm2560.o
                0x00000204                __vector_42
                0x00000204                __vector_22
                0x00000204                __vector_28
                0x00000204                __vector_1
                0x00000204                __vector_32
                0x00000204                __vector_34
                0x00000204                __vector_24
                0x00000204                __vector_12
                0x00000204                __vector_55
                0x00000204                __vector_46
                0x00000204                __bad_interrupt
                0x00000204                __vector_6
                0x00000204                __vector_31
                0x00000204                __vector_35
                0x00000204                __vector_39
                0x00000204                __vector_3
                0x00000204                __vector_30
                0x00000204                __vector_45
                0x00000204                __vector_11
                0x00000204                __vector_54
                0x00000204                __vector_13
                0x00000204                __vector_17
                0x00000204                __vector_19
                0x00000204                __vector_56
                0x00000204                __vector_7
                0x00000204                __vector_49
                0x00000204                __vector_41
                0x00000204                __vector_43
                0x00000204                __vector_27
                0x00000204                __vector_5
                0x00000204                __vector_33
                0x00000204                __vector_47
                0x00000204                __vector_52
                0x00000204                __vector_37
                0x00000204                __vector_4
                0x00000204                __vector_44
                0x00000204                __vector_51
                0x00000204                __vector_9
                0x00000204                __vector_2
                0x00000204                __vector_21
                0x00000204                __vector_15
                0x00000204                __vector_36
                0x00000204                __vector_29
                0x00000204                __vector_40
                0x00000204                __vector_8
                0x00000204                __vector_48
                0x00000204                __vector_14
                0x00000204                __vector_53
                0x00000204                __vector_10
                0x00000204                __vector_50
                0x00000204                __vector_16
                0x00000204                __vector_18
                0x00000204                __vector_20
                0x00000204                __vector_38
                0x00000206                . = ALIGN (0x2)
 *(.text.*)
 .text.setup    0x00000206       0x10 ./src/main.o
                0x00000206                setup
 .text.loop     0x00000216       0x24 ./src/main.o
                0x00000216                loop
 .text.startup.main
                0x0000023a        0x8 ./src/main.o
                0x0000023a                main
 .text.startup._GLOBAL__sub_I_MQ7
                0x00000242        0xe ./src/main.o
 .text._ZN6CS_MQ7C2Eii
                0x00000250       0x72 ./lib/CS_MQ7.o
                0x00000250                _ZN6CS_MQ7C2Eii
                0x00000250                _ZN6CS_MQ7C1Eii
 .text._ZN14HardwareSerial9availableEv
                0x000002c2       0x16 /Users/toanthanh/Documents/workspace/ArduinoCore/Release/libArduinoCore.a(HardwareSerial.o)
                0x000002c2                _ZN14HardwareSerial9availableEv
 .text._ZN14HardwareSerial4peekEv
                0x000002d8       0x1c /Users/toanthanh/Documents/workspace/ArduinoCore/Release/libArduinoCore.a(HardwareSerial.o)
                0x000002d8                _ZN14HardwareSerial4peekEv
 .text._ZN14HardwareSerial4readEv
                0x000002f4       0x28 /Users/toanthanh/Documents/workspace/ArduinoCore/Release/libArduinoCore.a(HardwareSerial.o)
                0x000002f4                _ZN14HardwareSerial4readEv
 .text._ZN14HardwareSerial17_tx_udr_empty_irqEv
                0x0000031c       0x42 /Users/toanthanh/Documents/workspace/ArduinoCore/Release/libArduinoCore.a(HardwareSerial.o)
                0x0000031c                _ZN14HardwareSerial17_tx_udr_empty_irqEv
 .text._ZN14HardwareSerial5flushEv
                0x0000035e       0x42 /Users/toanthanh/Documents/workspace/ArduinoCore/Release/libArduinoCore.a(HardwareSerial.o)
                0x0000035e                _ZN14HardwareSerial5flushEv
 .text._ZN14HardwareSerial5writeEh
                0x000003a0       0xc8 /Users/toanthanh/Documents/workspace/ArduinoCore/Release/libArduinoCore.a(HardwareSerial.o)
                0x000003a0                _ZN14HardwareSerial5writeEh
 .text._ZN14HardwareSerial5beginEmh
                0x00000468       0xc0 /Users/toanthanh/Documents/workspace/ArduinoCore/Release/libArduinoCore.a(HardwareSerial.o)
                0x00000468                _ZN14HardwareSerial5beginEmh
 .text.__vector_25
                0x00000528       0x6c /Users/toanthanh/Documents/workspace/ArduinoCore/Release/libArduinoCore.a(HardwareSerial0.o)
                0x00000528                __vector_25
 .text.__vector_26
                0x00000594       0x52 /Users/toanthanh/Documents/workspace/ArduinoCore/Release/libArduinoCore.a(HardwareSerial0.o)
                0x00000594                __vector_26
 .text.startup._GLOBAL__sub_I___vector_25
                0x000005e6       0x86 /Users/toanthanh/Documents/workspace/ArduinoCore/Release/libArduinoCore.a(HardwareSerial0.o)
 .text._ZN5Print5writeEPKhj
                0x0000066c       0x50 /Users/toanthanh/Documents/workspace/ArduinoCore/Release/libArduinoCore.a(Print.o)
                0x0000066c                _ZN5Print5writeEPKhj
 .text._ZN5Print5writeEPKc
                0x000006bc       0x2c /Users/toanthanh/Documents/workspace/ArduinoCore/Release/libArduinoCore.a(Print.o)
                0x000006bc                _ZN5Print5writeEPKc
 .text._ZN5Print5printEc
                0x000006e8        0xe /Users/toanthanh/Documents/workspace/ArduinoCore/Release/libArduinoCore.a(Print.o)
                0x000006e8                _ZN5Print5printEc
 .text._ZN5Print7printlnEv
                0x000006f6       0x24 /Users/toanthanh/Documents/workspace/ArduinoCore/Release/libArduinoCore.a(Print.o)
                0x000006f6                _ZN5Print7printlnEv
 .text._ZN5Print11printNumberEmh
                0x0000071a       0xae /Users/toanthanh/Documents/workspace/ArduinoCore/Release/libArduinoCore.a(Print.o)
                0x0000071a                _ZN5Print11printNumberEmh
 .text._ZN5Print5printEli
                0x000007c8       0x8e /Users/toanthanh/Documents/workspace/ArduinoCore/Release/libArduinoCore.a(Print.o)
                0x000007c8                _ZN5Print5printEli
 .text._ZN5Print7printlnEii
                0x00000856       0x2c /Users/toanthanh/Documents/workspace/ArduinoCore/Release/libArduinoCore.a(Print.o)
                0x00000856                _ZN5Print7printlnEii
 .text.__vector_23
                0x00000882       0x94 /Users/toanthanh/Documents/workspace/ArduinoCore/Release/libArduinoCore.a(wiring.o)
                0x00000882                __vector_23
 .text.micros   0x00000916       0x46 /Users/toanthanh/Documents/workspace/ArduinoCore/Release/libArduinoCore.a(wiring.o)
                0x00000916                micros
 .text.delay    0x0000095c       0x4a /Users/toanthanh/Documents/workspace/ArduinoCore/Release/libArduinoCore.a(wiring.o)
                0x0000095c                delay
 .text.init     0x000009a6       0xc4 /Users/toanthanh/Documents/workspace/ArduinoCore/Release/libArduinoCore.a(wiring.o)
                0x000009a6                init
 .text.analogRead
                0x00000a6a       0x4a /Users/toanthanh/Documents/workspace/ArduinoCore/Release/libArduinoCore.a(wiring_analog.o)
                0x00000a6a                analogRead
 .text.pinMode  0x00000ab4       0x72 /Users/toanthanh/Documents/workspace/ArduinoCore/Release/libArduinoCore.a(wiring_digital.o)
                0x00000ab4                pinMode
 .text.__empty  0x00000b26        0x2 /Users/toanthanh/Documents/workspace/ArduinoCore/Release/libArduinoCore.a(hooks.o)
                0x00000b26                yield
 .text.libgcc.div
                0x00000b28       0x44 /Users/toanthanh/Downloads/Arduino.app/Contents/Java/hardware/tools/avr/bin/../lib/gcc/avr/4.8.1/avr6/libgcc.a(_udivmodsi4.o)
                0x00000b28                __udivmodsi4
 .text.libgcc   0x00000b6c        0x8 /Users/toanthanh/Downloads/Arduino.app/Contents/Java/hardware/tools/avr/bin/../lib/gcc/avr/4.8.1/avr6/libgcc.a(_tablejump_elpm.o)
                0x00000b6c                __tablejump_elpm__
                0x00000b74                . = ALIGN (0x2)
 *(.fini9)
 .fini9         0x00000b74        0x0 /Users/toanthanh/Downloads/Arduino.app/Contents/Java/hardware/tools/avr/bin/../lib/gcc/avr/4.8.1/avr6/libgcc.a(_exit.o)
                0x00000b74                exit
                0x00000b74                _exit
 *(.fini9)
 *(.fini8)
 *(.fini8)
 *(.fini7)
 *(.fini7)
 *(.fini6)
 *(.fini6)
 *(.fini5)
 *(.fini5)
 *(.fini4)
 *(.fini4)
 *(.fini3)
 *(.fini3)
 *(.fini2)
 *(.fini2)
 *(.fini1)
 *(.fini1)
 *(.fini0)
 .fini0         0x00000b74        0x4 /Users/toanthanh/Downloads/Arduino.app/Contents/Java/hardware/tools/avr/bin/../lib/gcc/avr/4.8.1/avr6/libgcc.a(_exit.o)
 *(.fini0)
                0x00000b78                _etext = .

.data           0x00800200       0x12 load address 0x00000b78
                0x00800200                PROVIDE (__data_start, .)
 *(.data)
 .data          0x00800200        0x0 /Users/toanthanh/Downloads/Arduino.app/Contents/Java/hardware/tools/avr/bin/../lib/gcc/avr/4.8.1/../../../../avr/lib/avr6/crtm2560.o
 .data          0x00800200        0x0 ./src/main.o
 .data          0x00800200        0x0 ./lib/CS_MQ7.o
 .data          0x00800200        0x0 /Users/toanthanh/Documents/workspace/ArduinoCore/Release/libArduinoCore.a(HardwareSerial.o)
 .data          0x00800200        0x0 /Users/toanthanh/Documents/workspace/ArduinoCore/Release/libArduinoCore.a(HardwareSerial0.o)
 .data          0x00800200        0x0 /Users/toanthanh/Documents/workspace/ArduinoCore/Release/libArduinoCore.a(Print.o)
 .data          0x00800200        0x0 /Users/toanthanh/Documents/workspace/ArduinoCore/Release/libArduinoCore.a(abi.o)
 .data          0x00800200        0x0 /Users/toanthanh/Documents/workspace/ArduinoCore/Release/libArduinoCore.a(wiring.o)
 .data          0x00800200        0x0 /Users/toanthanh/Documents/workspace/ArduinoCore/Release/libArduinoCore.a(wiring_analog.o)
 .data          0x00800200        0x0 /Users/toanthanh/Documents/workspace/ArduinoCore/Release/libArduinoCore.a(wiring_digital.o)
 .data          0x00800200        0x0 /Users/toanthanh/Documents/workspace/ArduinoCore/Release/libArduinoCore.a(hooks.o)
 .data          0x00800200        0x0 /Users/toanthanh/Downloads/Arduino.app/Contents/Java/hardware/tools/avr/bin/../lib/gcc/avr/4.8.1/avr6/libgcc.a(_udivmodsi4.o)
 .data          0x00800200        0x0 /Users/toanthanh/Downloads/Arduino.app/Contents/Java/hardware/tools/avr/bin/../lib/gcc/avr/4.8.1/avr6/libgcc.a(_exit.o)
 .data          0x00800200        0x0 /Users/toanthanh/Downloads/Arduino.app/Contents/Java/hardware/tools/avr/bin/../lib/gcc/avr/4.8.1/avr6/libgcc.a(_tablejump.o)
 .data          0x00800200        0x0 /Users/toanthanh/Downloads/Arduino.app/Contents/Java/hardware/tools/avr/bin/../lib/gcc/avr/4.8.1/avr6/libgcc.a(_copy_data.o)
 .data          0x00800200        0x0 /Users/toanthanh/Downloads/Arduino.app/Contents/Java/hardware/tools/avr/bin/../lib/gcc/avr/4.8.1/avr6/libgcc.a(_clear_bss.o)
 .data          0x00800200        0x0 /Users/toanthanh/Downloads/Arduino.app/Contents/Java/hardware/tools/avr/bin/../lib/gcc/avr/4.8.1/avr6/libgcc.a(_ctors.o)
 .data          0x00800200        0x0 /Users/toanthanh/Downloads/Arduino.app/Contents/Java/hardware/tools/avr/bin/../lib/gcc/avr/4.8.1/avr6/libgcc.a(_tablejump_elpm.o)
 .data          0x00800200        0x0 /Users/toanthanh/Downloads/Arduino.app/Contents/Java/hardware/tools/avr/bin/../lib/gcc/avr/4.8.1/../../../../avr/lib/avr6/libm.a(addsf3.o)
 .data          0x00800200        0x0 /Users/toanthanh/Downloads/Arduino.app/Contents/Java/hardware/tools/avr/bin/../lib/gcc/avr/4.8.1/../../../../avr/lib/avr6/libm.a(addsf3x.o)
 .data          0x00800200        0x0 /Users/toanthanh/Downloads/Arduino.app/Contents/Java/hardware/tools/avr/bin/../lib/gcc/avr/4.8.1/../../../../avr/lib/avr6/libm.a(cmpsf2.o)
 .data          0x00800200        0x0 /Users/toanthanh/Downloads/Arduino.app/Contents/Java/hardware/tools/avr/bin/../lib/gcc/avr/4.8.1/../../../../avr/lib/avr6/libm.a(divsf3.o)
 .data          0x00800200        0x0 /Users/toanthanh/Downloads/Arduino.app/Contents/Java/hardware/tools/avr/bin/../lib/gcc/avr/4.8.1/../../../../avr/lib/avr6/libm.a(divsf3x.o)
 .data          0x00800200        0x0 /Users/toanthanh/Downloads/Arduino.app/Contents/Java/hardware/tools/avr/bin/../lib/gcc/avr/4.8.1/../../../../avr/lib/avr6/libm.a(fixsfsi.o)
 .data          0x00800200        0x0 /Users/toanthanh/Downloads/Arduino.app/Contents/Java/hardware/tools/avr/bin/../lib/gcc/avr/4.8.1/../../../../avr/lib/avr6/libm.a(fixunssfsi.o)
 .data          0x00800200        0x0 /Users/toanthanh/Downloads/Arduino.app/Contents/Java/hardware/tools/avr/bin/../lib/gcc/avr/4.8.1/../../../../avr/lib/avr6/libm.a(floatsisf.o)
 .data          0x00800200        0x0 /Users/toanthanh/Downloads/Arduino.app/Contents/Java/hardware/tools/avr/bin/../lib/gcc/avr/4.8.1/../../../../avr/lib/avr6/libm.a(fp_cmp.o)
 .data          0x00800200        0x0 /Users/toanthanh/Downloads/Arduino.app/Contents/Java/hardware/tools/avr/bin/../lib/gcc/avr/4.8.1/../../../../avr/lib/avr6/libm.a(fp_inf.o)
 .data          0x00800200        0x0 /Users/toanthanh/Downloads/Arduino.app/Contents/Java/hardware/tools/avr/bin/../lib/gcc/avr/4.8.1/../../../../avr/lib/avr6/libm.a(fp_nan.o)
 .data          0x00800200        0x0 /Users/toanthanh/Downloads/Arduino.app/Contents/Java/hardware/tools/avr/bin/../lib/gcc/avr/4.8.1/../../../../avr/lib/avr6/libm.a(fp_pscA.o)
 .data          0x00800200        0x0 /Users/toanthanh/Downloads/Arduino.app/Contents/Java/hardware/tools/avr/bin/../lib/gcc/avr/4.8.1/../../../../avr/lib/avr6/libm.a(fp_pscB.o)
 .data          0x00800200        0x0 /Users/toanthanh/Downloads/Arduino.app/Contents/Java/hardware/tools/avr/bin/../lib/gcc/avr/4.8.1/../../../../avr/lib/avr6/libm.a(fp_round.o)
 .data          0x00800200        0x0 /Users/toanthanh/Downloads/Arduino.app/Contents/Java/hardware/tools/avr/bin/../lib/gcc/avr/4.8.1/../../../../avr/lib/avr6/libm.a(fp_split3.o)
 .data          0x00800200        0x0 /Users/toanthanh/Downloads/Arduino.app/Contents/Java/hardware/tools/avr/bin/../lib/gcc/avr/4.8.1/../../../../avr/lib/avr6/libm.a(fp_zero.o)
 .data          0x00800200        0x0 /Users/toanthanh/Downloads/Arduino.app/Contents/Java/hardware/tools/avr/bin/../lib/gcc/avr/4.8.1/../../../../avr/lib/avr6/libm.a(gesf2.o)
 .data          0x00800200        0x0 /Users/toanthanh/Downloads/Arduino.app/Contents/Java/hardware/tools/avr/bin/../lib/gcc/avr/4.8.1/../../../../avr/lib/avr6/libm.a(mulsf3.o)
 .data          0x00800200        0x0 /Users/toanthanh/Downloads/Arduino.app/Contents/Java/hardware/tools/avr/bin/../lib/gcc/avr/4.8.1/../../../../avr/lib/avr6/libm.a(mulsf3x.o)
 .data          0x00800200        0x0 /Users/toanthanh/Downloads/Arduino.app/Contents/Java/hardware/tools/avr/bin/../lib/gcc/avr/4.8.1/../../../../avr/lib/avr6/libm.a(unordsf2.o)
 .data          0x00800200        0x0 /Users/toanthanh/Downloads/Arduino.app/Contents/Java/hardware/tools/avr/bin/../lib/gcc/avr/4.8.1/../../../../avr/lib/avr6/libc.a(abort.o)
 *(.data*)
 .data.analog_reference
                0x00800200        0x1 /Users/toanthanh/Documents/workspace/ArduinoCore/Release/libArduinoCore.a(wiring_analog.o)
                0x00800200                analog_reference
 *(.rodata)
 *(.rodata*)
 .rodata._ZTV14HardwareSerial
                0x00800201       0x10 /Users/toanthanh/Documents/workspace/ArduinoCore/Release/libArduinoCore.a(HardwareSerial.o)
                0x00800201                _ZTV14HardwareSerial
 *(.gnu.linkonce.d*)
                0x00800212                . = ALIGN (0x2)
 *fill*         0x00800211        0x1 
                0x00800212                _edata = .
                0x00800212                PROVIDE (__data_end, .)

.bss            0x00800212       0xbf
                0x00800212                PROVIDE (__bss_start, .)
 *(.bss)
 *(.bss*)
 .bss.CoData    0x00800212        0x2 ./src/main.o
                0x00800212                CoData
 .bss.CoSensorOutput
                0x00800214        0x2 ./src/main.o
                0x00800214                CoSensorOutput
 .bss.MQ7       0x00800216       0x15 ./src/main.o
                0x00800216                MQ7
 .bss.Serial    0x0080022b       0x9d /Users/toanthanh/Documents/workspace/ArduinoCore/Release/libArduinoCore.a(HardwareSerial0.o)
                0x0080022b                Serial
 .bss.timer0_fract
                0x008002c8        0x1 /Users/toanthanh/Documents/workspace/ArduinoCore/Release/libArduinoCore.a(wiring.o)
 .bss.timer0_millis
                0x008002c9        0x4 /Users/toanthanh/Documents/workspace/ArduinoCore/Release/libArduinoCore.a(wiring.o)
                0x008002c9                timer0_millis
 .bss.timer0_overflow_count
                0x008002cd        0x4 /Users/toanthanh/Documents/workspace/ArduinoCore/Release/libArduinoCore.a(wiring.o)
                0x008002cd                timer0_overflow_count
 *(COMMON)
                0x008002d1                PROVIDE (__bss_end, .)
                0x00000b78                __data_load_start = LOADADDR (.data)
                0x00000b8a                __data_load_end = (__data_load_start + SIZEOF (.data))

.noinit         0x008002d1        0x0
                0x008002d1                PROVIDE (__noinit_start, .)
 *(.noinit*)
                0x008002d1                PROVIDE (__noinit_end, .)
                0x008002d1                _end = .
                0x008002d1                PROVIDE (__heap_start, .)

.eeprom         0x00810000        0x0
 *(.eeprom*)
                0x00810000                __eeprom_end = .

.fuse
 *(.fuse)
 *(.lfuse)
 *(.hfuse)
 *(.efuse)

.lock
 *(.lock*)

.signature
 *(.signature*)

.stab
 *(.stab)

.stabstr
 *(.stabstr)

.stab.excl
 *(.stab.excl)

.stab.exclstr
 *(.stab.exclstr)

.stab.index
 *(.stab.index)

.stab.indexstr
 *(.stab.indexstr)

.comment        0x00000000       0x11
 *(.comment)
 .comment       0x00000000       0x11 ./src/main.o
                                 0x12 (size before relaxing)
 .comment       0x00000011       0x12 ./lib/CS_MQ7.o
 .comment       0x00000011       0x12 /Users/toanthanh/Documents/workspace/ArduinoCore/Release/libArduinoCore.a(HardwareSerial.o)
 .comment       0x00000011       0x12 /Users/toanthanh/Documents/workspace/ArduinoCore/Release/libArduinoCore.a(HardwareSerial0.o)
 .comment       0x00000011       0x12 /Users/toanthanh/Documents/workspace/ArduinoCore/Release/libArduinoCore.a(Print.o)
 .comment       0x00000011       0x12 /Users/toanthanh/Documents/workspace/ArduinoCore/Release/libArduinoCore.a(abi.o)
 .comment       0x00000011       0x12 /Users/toanthanh/Documents/workspace/ArduinoCore/Release/libArduinoCore.a(wiring.o)
 .comment       0x00000011       0x12 /Users/toanthanh/Documents/workspace/ArduinoCore/Release/libArduinoCore.a(wiring_analog.o)
 .comment       0x00000011       0x12 /Users/toanthanh/Documents/workspace/ArduinoCore/Release/libArduinoCore.a(wiring_digital.o)
 .comment       0x00000011       0x12 /Users/toanthanh/Documents/workspace/ArduinoCore/Release/libArduinoCore.a(hooks.o)

.note.gnu.build-id
 *(.note.gnu.build-id)

.debug
 *(.debug)

.line
 *(.line)

.debug_srcinfo
 *(.debug_srcinfo)

.debug_sfnames
 *(.debug_sfnames)

.debug_aranges
 *(.debug_aranges)

.debug_pubnames
 *(.debug_pubnames)

.debug_info
 *(.debug_info .gnu.linkonce.wi.*)

.debug_abbrev
 *(.debug_abbrev)

.debug_line
 *(.debug_line .debug_line.* .debug_line_end)

.debug_frame
 *(.debug_frame)

.debug_str
 *(.debug_str)

.debug_loc
 *(.debug_loc)

.debug_macinfo
 *(.debug_macinfo)

.debug_weaknames
 *(.debug_weaknames)

.debug_funcnames
 *(.debug_funcnames)

.debug_typenames
 *(.debug_typenames)

.debug_varnames
 *(.debug_varnames)

.debug_pubtypes
 *(.debug_pubtypes)

.debug_ranges
 *(.debug_ranges)

.debug_macro
 *(.debug_macro)
OUTPUT(MQ-7.elf elf32-avr)
LOAD linker stubs

Cross Reference Table

Symbol                                            File
CoData                                            ./src/main.o
CoSensorOutput                                    ./src/main.o
MQ7                                               ./src/main.o
Serial                                            /Users/toanthanh/Documents/workspace/ArduinoCore/Release/libArduinoCore.a(HardwareSerial0.o)
                                                  ./src/main.o
_Z11serialEventv                                  /Users/toanthanh/Documents/workspace/ArduinoCore/Release/libArduinoCore.a(HardwareSerial.o)
_Z12serialEvent1v                                 /Users/toanthanh/Documents/workspace/ArduinoCore/Release/libArduinoCore.a(HardwareSerial.o)
_Z12serialEvent2v                                 /Users/toanthanh/Documents/workspace/ArduinoCore/Release/libArduinoCore.a(HardwareSerial.o)
_Z12serialEvent3v                                 /Users/toanthanh/Documents/workspace/ArduinoCore/Release/libArduinoCore.a(HardwareSerial.o)
_Z14serialEventRunv                               /Users/toanthanh/Documents/workspace/ArduinoCore/Release/libArduinoCore.a(HardwareSerial.o)
_Z17Serial0_availablev                            /Users/toanthanh/Documents/workspace/ArduinoCore/Release/libArduinoCore.a(HardwareSerial0.o)
                                                  /Users/toanthanh/Documents/workspace/ArduinoCore/Release/libArduinoCore.a(HardwareSerial.o)
_Z17Serial1_availablev                            /Users/toanthanh/Documents/workspace/ArduinoCore/Release/libArduinoCore.a(HardwareSerial.o)
_Z17Serial2_availablev                            /Users/toanthanh/Documents/workspace/ArduinoCore/Release/libArduinoCore.a(HardwareSerial.o)
_Z17Serial3_availablev                            /Users/toanthanh/Documents/workspace/ArduinoCore/Release/libArduinoCore.a(HardwareSerial.o)
_ZN14HardwareSerial17_tx_udr_empty_irqEv          /Users/toanthanh/Documents/workspace/ArduinoCore/Release/libArduinoCore.a(HardwareSerial.o)
                                                  /Users/toanthanh/Documents/workspace/ArduinoCore/Release/libArduinoCore.a(HardwareSerial0.o)
_ZN14HardwareSerial17availableForWriteEv          /Users/toanthanh/Documents/workspace/ArduinoCore/Release/libArduinoCore.a(HardwareSerial.o)
_ZN14HardwareSerial3endEv                         /Users/toanthanh/Documents/workspace/ArduinoCore/Release/libArduinoCore.a(HardwareSerial.o)
_ZN14HardwareSerial4peekEv                        /Users/toanthanh/Documents/workspace/ArduinoCore/Release/libArduinoCore.a(HardwareSerial.o)
_ZN14HardwareSerial4readEv                        /Users/toanthanh/Documents/workspace/ArduinoCore/Release/libArduinoCore.a(HardwareSerial.o)
_ZN14HardwareSerial5beginEmh                      /Users/toanthanh/Documents/workspace/ArduinoCore/Release/libArduinoCore.a(HardwareSerial.o)
                                                  ./src/main.o
_ZN14HardwareSerial5flushEv                       /Users/toanthanh/Documents/workspace/ArduinoCore/Release/libArduinoCore.a(HardwareSerial.o)
_ZN14HardwareSerial5writeEh                       /Users/toanthanh/Documents/workspace/ArduinoCore/Release/libArduinoCore.a(HardwareSerial.o)
_ZN14HardwareSerial9availableEv                   /Users/toanthanh/Documents/workspace/ArduinoCore/Release/libArduinoCore.a(HardwareSerial.o)
                                                  /Users/toanthanh/Documents/workspace/ArduinoCore/Release/libArduinoCore.a(HardwareSerial0.o)
_ZN5Print10printFloatEdh                          /Users/toanthanh/Documents/workspace/ArduinoCore/Release/libArduinoCore.a(Print.o)
_ZN5Print11printNumberEmh                         /Users/toanthanh/Documents/workspace/ArduinoCore/Release/libArduinoCore.a(Print.o)
_ZN5Print5printEPK19__FlashStringHelper           /Users/toanthanh/Documents/workspace/ArduinoCore/Release/libArduinoCore.a(Print.o)
_ZN5Print5printEPKc                               /Users/toanthanh/Documents/workspace/ArduinoCore/Release/libArduinoCore.a(Print.o)
_ZN5Print5printERK6String                         /Users/toanthanh/Documents/workspace/ArduinoCore/Release/libArduinoCore.a(Print.o)
_ZN5Print5printERK9Printable                      /Users/toanthanh/Documents/workspace/ArduinoCore/Release/libArduinoCore.a(Print.o)
_ZN5Print5printEc                                 /Users/toanthanh/Documents/workspace/ArduinoCore/Release/libArduinoCore.a(Print.o)
_ZN5Print5printEdi                                /Users/toanthanh/Documents/workspace/ArduinoCore/Release/libArduinoCore.a(Print.o)
_ZN5Print5printEhi                                /Users/toanthanh/Documents/workspace/ArduinoCore/Release/libArduinoCore.a(Print.o)
_ZN5Print5printEii                                /Users/toanthanh/Documents/workspace/ArduinoCore/Release/libArduinoCore.a(Print.o)
_ZN5Print5printEji                                /Users/toanthanh/Documents/workspace/ArduinoCore/Release/libArduinoCore.a(Print.o)
_ZN5Print5printEli                                /Users/toanthanh/Documents/workspace/ArduinoCore/Release/libArduinoCore.a(Print.o)
_ZN5Print5printEmi                                /Users/toanthanh/Documents/workspace/ArduinoCore/Release/libArduinoCore.a(Print.o)
_ZN5Print5writeEPKc                               /Users/toanthanh/Documents/workspace/ArduinoCore/Release/libArduinoCore.a(Print.o)
_ZN5Print5writeEPKhj                              /Users/toanthanh/Documents/workspace/ArduinoCore/Release/libArduinoCore.a(Print.o)
                                                  /Users/toanthanh/Documents/workspace/ArduinoCore/Release/libArduinoCore.a(HardwareSerial.o)
_ZN5Print7printlnEPK19__FlashStringHelper         /Users/toanthanh/Documents/workspace/ArduinoCore/Release/libArduinoCore.a(Print.o)
_ZN5Print7printlnEPKc                             /Users/toanthanh/Documents/workspace/ArduinoCore/Release/libArduinoCore.a(Print.o)
_ZN5Print7printlnERK6String                       /Users/toanthanh/Documents/workspace/ArduinoCore/Release/libArduinoCore.a(Print.o)
_ZN5Print7printlnERK9Printable                    /Users/toanthanh/Documents/workspace/ArduinoCore/Release/libArduinoCore.a(Print.o)
_ZN5Print7printlnEc                               /Users/toanthanh/Documents/workspace/ArduinoCore/Release/libArduinoCore.a(Print.o)
_ZN5Print7printlnEdi                              /Users/toanthanh/Documents/workspace/ArduinoCore/Release/libArduinoCore.a(Print.o)
_ZN5Print7printlnEhi                              /Users/toanthanh/Documents/workspace/ArduinoCore/Release/libArduinoCore.a(Print.o)
_ZN5Print7printlnEii                              /Users/toanthanh/Documents/workspace/ArduinoCore/Release/libArduinoCore.a(Print.o)
                                                  ./src/main.o
_ZN5Print7printlnEji                              /Users/toanthanh/Documents/workspace/ArduinoCore/Release/libArduinoCore.a(Print.o)
_ZN5Print7printlnEli                              /Users/toanthanh/Documents/workspace/ArduinoCore/Release/libArduinoCore.a(Print.o)
_ZN5Print7printlnEmi                              /Users/toanthanh/Documents/workspace/ArduinoCore/Release/libArduinoCore.a(Print.o)
_ZN5Print7printlnEv                               /Users/toanthanh/Documents/workspace/ArduinoCore/Release/libArduinoCore.a(Print.o)
_ZN6CS_MQ711CoPwrCyclerEv                         ./lib/CS_MQ7.o
_ZN6CS_MQ712CurrentStateEv                        ./lib/CS_MQ7.o
_ZN6CS_MQ7C1Eii                                   ./lib/CS_MQ7.o
                                                  ./src/main.o
_ZN6CS_MQ7C2Eii                                   ./lib/CS_MQ7.o
_ZTV14HardwareSerial                              /Users/toanthanh/Documents/workspace/ArduinoCore/Release/libArduinoCore.a(HardwareSerial.o)
                                                  /Users/toanthanh/Documents/workspace/ArduinoCore/Release/libArduinoCore.a(HardwareSerial0.o)
_ZTV5Print                                        /Users/toanthanh/Documents/workspace/ArduinoCore/Release/libArduinoCore.a(Print.o)
__addsf3                                          /Users/toanthanh/Downloads/Arduino.app/Contents/Java/hardware/tools/avr/bin/../lib/gcc/avr/4.8.1/../../../../avr/lib/avr6/libm.a(addsf3.o)
                                                  /Users/toanthanh/Documents/workspace/ArduinoCore/Release/libArduinoCore.a(Print.o)
__addsf3x                                         /Users/toanthanh/Downloads/Arduino.app/Contents/Java/hardware/tools/avr/bin/../lib/gcc/avr/4.8.1/../../../../avr/lib/avr6/libm.a(addsf3x.o)
                                                  /Users/toanthanh/Downloads/Arduino.app/Contents/Java/hardware/tools/avr/bin/../lib/gcc/avr/4.8.1/../../../../avr/lib/avr6/libm.a(addsf3.o)
__bad_interrupt                                   /Users/toanthanh/Downloads/Arduino.app/Contents/Java/hardware/tools/avr/bin/../lib/gcc/avr/4.8.1/../../../../avr/lib/avr6/crtm2560.o
__bss_end                                         /Users/toanthanh/Downloads/Arduino.app/Contents/Java/hardware/tools/avr/bin/../lib/gcc/avr/4.8.1/avr6/libgcc.a(_clear_bss.o)
__bss_start                                       /Users/toanthanh/Downloads/Arduino.app/Contents/Java/hardware/tools/avr/bin/../lib/gcc/avr/4.8.1/avr6/libgcc.a(_clear_bss.o)
__cmpsf2                                          /Users/toanthanh/Downloads/Arduino.app/Contents/Java/hardware/tools/avr/bin/../lib/gcc/avr/4.8.1/../../../../avr/lib/avr6/libm.a(cmpsf2.o)
__ctors_end                                       /Users/toanthanh/Downloads/Arduino.app/Contents/Java/hardware/tools/avr/bin/../lib/gcc/avr/4.8.1/avr6/libgcc.a(_ctors.o)
__ctors_start                                     /Users/toanthanh/Downloads/Arduino.app/Contents/Java/hardware/tools/avr/bin/../lib/gcc/avr/4.8.1/avr6/libgcc.a(_ctors.o)
__cxa_deleted_virtual                             /Users/toanthanh/Documents/workspace/ArduinoCore/Release/libArduinoCore.a(abi.o)
__cxa_pure_virtual                                /Users/toanthanh/Documents/workspace/ArduinoCore/Release/libArduinoCore.a(abi.o)
                                                  /Users/toanthanh/Documents/workspace/ArduinoCore/Release/libArduinoCore.a(Print.o)
__data_end                                        /Users/toanthanh/Downloads/Arduino.app/Contents/Java/hardware/tools/avr/bin/../lib/gcc/avr/4.8.1/avr6/libgcc.a(_copy_data.o)
__data_load_start                                 /Users/toanthanh/Downloads/Arduino.app/Contents/Java/hardware/tools/avr/bin/../lib/gcc/avr/4.8.1/avr6/libgcc.a(_copy_data.o)
__data_start                                      /Users/toanthanh/Downloads/Arduino.app/Contents/Java/hardware/tools/avr/bin/../lib/gcc/avr/4.8.1/avr6/libgcc.a(_copy_data.o)
__divsf3                                          /Users/toanthanh/Downloads/Arduino.app/Contents/Java/hardware/tools/avr/bin/../lib/gcc/avr/4.8.1/../../../../avr/lib/avr6/libm.a(divsf3.o)
                                                  /Users/toanthanh/Documents/workspace/ArduinoCore/Release/libArduinoCore.a(Print.o)
__divsf3_pse                                      /Users/toanthanh/Downloads/Arduino.app/Contents/Java/hardware/tools/avr/bin/../lib/gcc/avr/4.8.1/../../../../avr/lib/avr6/libm.a(divsf3x.o)
__divsf3x                                         /Users/toanthanh/Downloads/Arduino.app/Contents/Java/hardware/tools/avr/bin/../lib/gcc/avr/4.8.1/../../../../avr/lib/avr6/libm.a(divsf3x.o)
                                                  /Users/toanthanh/Downloads/Arduino.app/Contents/Java/hardware/tools/avr/bin/../lib/gcc/avr/4.8.1/../../../../avr/lib/avr6/libm.a(divsf3.o)
__do_clear_bss                                    /Users/toanthanh/Downloads/Arduino.app/Contents/Java/hardware/tools/avr/bin/../lib/gcc/avr/4.8.1/avr6/libgcc.a(_clear_bss.o)
                                                  /Users/toanthanh/Documents/workspace/ArduinoCore/Release/libArduinoCore.a(wiring.o)
                                                  /Users/toanthanh/Documents/workspace/ArduinoCore/Release/libArduinoCore.a(HardwareSerial0.o)
                                                  ./src/main.o
__do_copy_data                                    /Users/toanthanh/Downloads/Arduino.app/Contents/Java/hardware/tools/avr/bin/../lib/gcc/avr/4.8.1/avr6/libgcc.a(_copy_data.o)
                                                  /Users/toanthanh/Documents/workspace/ArduinoCore/Release/libArduinoCore.a(wiring_analog.o)
                                                  /Users/toanthanh/Documents/workspace/ArduinoCore/Release/libArduinoCore.a(Print.o)
                                                  /Users/toanthanh/Documents/workspace/ArduinoCore/Release/libArduinoCore.a(HardwareSerial.o)
__do_global_ctors                                 /Users/toanthanh/Downloads/Arduino.app/Contents/Java/hardware/tools/avr/bin/../lib/gcc/avr/4.8.1/avr6/libgcc.a(_ctors.o)
                                                  /Users/toanthanh/Documents/workspace/ArduinoCore/Release/libArduinoCore.a(HardwareSerial0.o)
                                                  ./src/main.o
__eqsf2                                           /Users/toanthanh/Downloads/Arduino.app/Contents/Java/hardware/tools/avr/bin/../lib/gcc/avr/4.8.1/../../../../avr/lib/avr6/libm.a(cmpsf2.o)
__fixsfsi                                         /Users/toanthanh/Downloads/Arduino.app/Contents/Java/hardware/tools/avr/bin/../lib/gcc/avr/4.8.1/../../../../avr/lib/avr6/libm.a(fixsfsi.o)
                                                  /Users/toanthanh/Documents/workspace/ArduinoCore/Release/libArduinoCore.a(Print.o)
__fixunssfsi                                      /Users/toanthanh/Downloads/Arduino.app/Contents/Java/hardware/tools/avr/bin/../lib/gcc/avr/4.8.1/../../../../avr/lib/avr6/libm.a(fixunssfsi.o)
                                                  /Users/toanthanh/Downloads/Arduino.app/Contents/Java/hardware/tools/avr/bin/../lib/gcc/avr/4.8.1/../../../../avr/lib/avr6/libm.a(fixsfsi.o)
                                                  /Users/toanthanh/Documents/workspace/ArduinoCore/Release/libArduinoCore.a(Print.o)
__floatsisf                                       /Users/toanthanh/Downloads/Arduino.app/Contents/Java/hardware/tools/avr/bin/../lib/gcc/avr/4.8.1/../../../../avr/lib/avr6/libm.a(floatsisf.o)
                                                  /Users/toanthanh/Documents/workspace/ArduinoCore/Release/libArduinoCore.a(Print.o)
__floatunsisf                                     /Users/toanthanh/Downloads/Arduino.app/Contents/Java/hardware/tools/avr/bin/../lib/gcc/avr/4.8.1/../../../../avr/lib/avr6/libm.a(floatsisf.o)
                                                  /Users/toanthanh/Documents/workspace/ArduinoCore/Release/libArduinoCore.a(Print.o)
__fp_cmp                                          /Users/toanthanh/Downloads/Arduino.app/Contents/Java/hardware/tools/avr/bin/../lib/gcc/avr/4.8.1/../../../../avr/lib/avr6/libm.a(fp_cmp.o)
                                                  /Users/toanthanh/Downloads/Arduino.app/Contents/Java/hardware/tools/avr/bin/../lib/gcc/avr/4.8.1/../../../../avr/lib/avr6/libm.a(unordsf2.o)
                                                  /Users/toanthanh/Downloads/Arduino.app/Contents/Java/hardware/tools/avr/bin/../lib/gcc/avr/4.8.1/../../../../avr/lib/avr6/libm.a(gesf2.o)
                                                  /Users/toanthanh/Downloads/Arduino.app/Contents/Java/hardware/tools/avr/bin/../lib/gcc/avr/4.8.1/../../../../avr/lib/avr6/libm.a(cmpsf2.o)
__fp_inf                                          /Users/toanthanh/Downloads/Arduino.app/Contents/Java/hardware/tools/avr/bin/../lib/gcc/avr/4.8.1/../../../../avr/lib/avr6/libm.a(fp_inf.o)
                                                  /Users/toanthanh/Downloads/Arduino.app/Contents/Java/hardware/tools/avr/bin/../lib/gcc/avr/4.8.1/../../../../avr/lib/avr6/libm.a(mulsf3x.o)
                                                  /Users/toanthanh/Downloads/Arduino.app/Contents/Java/hardware/tools/avr/bin/../lib/gcc/avr/4.8.1/../../../../avr/lib/avr6/libm.a(divsf3x.o)
                                                  /Users/toanthanh/Downloads/Arduino.app/Contents/Java/hardware/tools/avr/bin/../lib/gcc/avr/4.8.1/../../../../avr/lib/avr6/libm.a(addsf3x.o)
__fp_nan                                          /Users/toanthanh/Downloads/Arduino.app/Contents/Java/hardware/tools/avr/bin/../lib/gcc/avr/4.8.1/../../../../avr/lib/avr6/libm.a(fp_nan.o)
                                                  /Users/toanthanh/Downloads/Arduino.app/Contents/Java/hardware/tools/avr/bin/../lib/gcc/avr/4.8.1/../../../../avr/lib/avr6/libm.a(mulsf3x.o)
                                                  /Users/toanthanh/Downloads/Arduino.app/Contents/Java/hardware/tools/avr/bin/../lib/gcc/avr/4.8.1/../../../../avr/lib/avr6/libm.a(divsf3x.o)
                                                  /Users/toanthanh/Downloads/Arduino.app/Contents/Java/hardware/tools/avr/bin/../lib/gcc/avr/4.8.1/../../../../avr/lib/avr6/libm.a(addsf3x.o)
__fp_pscA                                         /Users/toanthanh/Downloads/Arduino.app/Contents/Java/hardware/tools/avr/bin/../lib/gcc/avr/4.8.1/../../../../avr/lib/avr6/libm.a(fp_pscA.o)
                                                  /Users/toanthanh/Downloads/Arduino.app/Contents/Java/hardware/tools/avr/bin/../lib/gcc/avr/4.8.1/../../../../avr/lib/avr6/libm.a(mulsf3x.o)
                                                  /Users/toanthanh/Downloads/Arduino.app/Contents/Java/hardware/tools/avr/bin/../lib/gcc/avr/4.8.1/../../../../avr/lib/avr6/libm.a(divsf3x.o)
                                                  /Users/toanthanh/Downloads/Arduino.app/Contents/Java/hardware/tools/avr/bin/../lib/gcc/avr/4.8.1/../../../../avr/lib/avr6/libm.a(addsf3x.o)
__fp_pscB                                         /Users/toanthanh/Downloads/Arduino.app/Contents/Java/hardware/tools/avr/bin/../lib/gcc/avr/4.8.1/../../../../avr/lib/avr6/libm.a(fp_pscB.o)
                                                  /Users/toanthanh/Downloads/Arduino.app/Contents/Java/hardware/tools/avr/bin/../lib/gcc/avr/4.8.1/../../../../avr/lib/avr6/libm.a(mulsf3x.o)
                                                  /Users/toanthanh/Downloads/Arduino.app/Contents/Java/hardware/tools/avr/bin/../lib/gcc/avr/4.8.1/../../../../avr/lib/avr6/libm.a(divsf3x.o)
                                                  /Users/toanthanh/Downloads/Arduino.app/Contents/Java/hardware/tools/avr/bin/../lib/gcc/avr/4.8.1/../../../../avr/lib/avr6/libm.a(addsf3x.o)
__fp_round                                        /Users/toanthanh/Downloads/Arduino.app/Contents/Java/hardware/tools/avr/bin/../lib/gcc/avr/4.8.1/../../../../avr/lib/avr6/libm.a(fp_round.o)
                                                  /Users/toanthanh/Downloads/Arduino.app/Contents/Java/hardware/tools/avr/bin/../lib/gcc/avr/4.8.1/../../../../avr/lib/avr6/libm.a(mulsf3.o)
                                                  /Users/toanthanh/Downloads/Arduino.app/Contents/Java/hardware/tools/avr/bin/../lib/gcc/avr/4.8.1/../../../../avr/lib/avr6/libm.a(divsf3.o)
                                                  /Users/toanthanh/Downloads/Arduino.app/Contents/Java/hardware/tools/avr/bin/../lib/gcc/avr/4.8.1/../../../../avr/lib/avr6/libm.a(addsf3.o)
__fp_split3                                       /Users/toanthanh/Downloads/Arduino.app/Contents/Java/hardware/tools/avr/bin/../lib/gcc/avr/4.8.1/../../../../avr/lib/avr6/libm.a(fp_split3.o)
                                                  /Users/toanthanh/Downloads/Arduino.app/Contents/Java/hardware/tools/avr/bin/../lib/gcc/avr/4.8.1/../../../../avr/lib/avr6/libm.a(mulsf3x.o)
                                                  /Users/toanthanh/Downloads/Arduino.app/Contents/Java/hardware/tools/avr/bin/../lib/gcc/avr/4.8.1/../../../../avr/lib/avr6/libm.a(divsf3x.o)
                                                  /Users/toanthanh/Downloads/Arduino.app/Contents/Java/hardware/tools/avr/bin/../lib/gcc/avr/4.8.1/../../../../avr/lib/avr6/libm.a(addsf3x.o)
__fp_splitA                                       /Users/toanthanh/Downloads/Arduino.app/Contents/Java/hardware/tools/avr/bin/../lib/gcc/avr/4.8.1/../../../../avr/lib/avr6/libm.a(fp_split3.o)
                                                  /Users/toanthanh/Downloads/Arduino.app/Contents/Java/hardware/tools/avr/bin/../lib/gcc/avr/4.8.1/../../../../avr/lib/avr6/libm.a(fixunssfsi.o)
__fp_szero                                        /Users/toanthanh/Downloads/Arduino.app/Contents/Java/hardware/tools/avr/bin/../lib/gcc/avr/4.8.1/../../../../avr/lib/avr6/libm.a(fp_zero.o)
                                                  /Users/toanthanh/Downloads/Arduino.app/Contents/Java/hardware/tools/avr/bin/../lib/gcc/avr/4.8.1/../../../../avr/lib/avr6/libm.a(mulsf3x.o)
                                                  /Users/toanthanh/Downloads/Arduino.app/Contents/Java/hardware/tools/avr/bin/../lib/gcc/avr/4.8.1/../../../../avr/lib/avr6/libm.a(fixsfsi.o)
                                                  /Users/toanthanh/Downloads/Arduino.app/Contents/Java/hardware/tools/avr/bin/../lib/gcc/avr/4.8.1/../../../../avr/lib/avr6/libm.a(divsf3x.o)
__fp_zero                                         /Users/toanthanh/Downloads/Arduino.app/Contents/Java/hardware/tools/avr/bin/../lib/gcc/avr/4.8.1/../../../../avr/lib/avr6/libm.a(fp_zero.o)
                                                  /Users/toanthanh/Downloads/Arduino.app/Contents/Java/hardware/tools/avr/bin/../lib/gcc/avr/4.8.1/../../../../avr/lib/avr6/libm.a(fixunssfsi.o)
                                                  /Users/toanthanh/Downloads/Arduino.app/Contents/Java/hardware/tools/avr/bin/../lib/gcc/avr/4.8.1/../../../../avr/lib/avr6/libm.a(addsf3x.o)
__gesf2                                           /Users/toanthanh/Downloads/Arduino.app/Contents/Java/hardware/tools/avr/bin/../lib/gcc/avr/4.8.1/../../../../avr/lib/avr6/libm.a(gesf2.o)
__gtsf2                                           /Users/toanthanh/Downloads/Arduino.app/Contents/Java/hardware/tools/avr/bin/../lib/gcc/avr/4.8.1/../../../../avr/lib/avr6/libm.a(gesf2.o)
                                                  /Users/toanthanh/Documents/workspace/ArduinoCore/Release/libArduinoCore.a(Print.o)
__heap_end                                        /Users/toanthanh/Downloads/Arduino.app/Contents/Java/hardware/tools/avr/bin/../lib/gcc/avr/4.8.1/../../../../avr/lib/avr6/crtm2560.o
__init                                            /Users/toanthanh/Downloads/Arduino.app/Contents/Java/hardware/tools/avr/bin/../lib/gcc/avr/4.8.1/../../../../avr/lib/avr6/crtm2560.o
__lesf2                                           /Users/toanthanh/Downloads/Arduino.app/Contents/Java/hardware/tools/avr/bin/../lib/gcc/avr/4.8.1/../../../../avr/lib/avr6/libm.a(cmpsf2.o)
                                                  /Users/toanthanh/Documents/workspace/ArduinoCore/Release/libArduinoCore.a(Print.o)
__ltsf2                                           /Users/toanthanh/Downloads/Arduino.app/Contents/Java/hardware/tools/avr/bin/../lib/gcc/avr/4.8.1/../../../../avr/lib/avr6/libm.a(cmpsf2.o)
                                                  /Users/toanthanh/Documents/workspace/ArduinoCore/Release/libArduinoCore.a(Print.o)
__mulsf3                                          /Users/toanthanh/Downloads/Arduino.app/Contents/Java/hardware/tools/avr/bin/../lib/gcc/avr/4.8.1/../../../../avr/lib/avr6/libm.a(mulsf3.o)
                                                  /Users/toanthanh/Documents/workspace/ArduinoCore/Release/libArduinoCore.a(Print.o)
__mulsf3_pse                                      /Users/toanthanh/Downloads/Arduino.app/Contents/Java/hardware/tools/avr/bin/../lib/gcc/avr/4.8.1/../../../../avr/lib/avr6/libm.a(mulsf3x.o)
__mulsf3x                                         /Users/toanthanh/Downloads/Arduino.app/Contents/Java/hardware/tools/avr/bin/../lib/gcc/avr/4.8.1/../../../../avr/lib/avr6/libm.a(mulsf3x.o)
                                                  /Users/toanthanh/Downloads/Arduino.app/Contents/Java/hardware/tools/avr/bin/../lib/gcc/avr/4.8.1/../../../../avr/lib/avr6/libm.a(mulsf3.o)
__nesf2                                           /Users/toanthanh/Downloads/Arduino.app/Contents/Java/hardware/tools/avr/bin/../lib/gcc/avr/4.8.1/../../../../avr/lib/avr6/libm.a(cmpsf2.o)
__stack                                           /Users/toanthanh/Downloads/Arduino.app/Contents/Java/hardware/tools/avr/bin/../lib/gcc/avr/4.8.1/../../../../avr/lib/avr6/crtm2560.o
__subsf3                                          /Users/toanthanh/Downloads/Arduino.app/Contents/Java/hardware/tools/avr/bin/../lib/gcc/avr/4.8.1/../../../../avr/lib/avr6/libm.a(addsf3.o)
                                                  /Users/toanthanh/Documents/workspace/ArduinoCore/Release/libArduinoCore.a(Print.o)
__tablejump2__                                    /Users/toanthanh/Downloads/Arduino.app/Contents/Java/hardware/tools/avr/bin/../lib/gcc/avr/4.8.1/avr6/libgcc.a(_tablejump.o)
                                                  /Users/toanthanh/Documents/workspace/ArduinoCore/Release/libArduinoCore.a(wiring_digital.o)
                                                  /Users/toanthanh/Documents/workspace/ArduinoCore/Release/libArduinoCore.a(wiring_analog.o)
__tablejump__                                     /Users/toanthanh/Downloads/Arduino.app/Contents/Java/hardware/tools/avr/bin/../lib/gcc/avr/4.8.1/avr6/libgcc.a(_tablejump.o)
__tablejump_elpm__                                /Users/toanthanh/Downloads/Arduino.app/Contents/Java/hardware/tools/avr/bin/../lib/gcc/avr/4.8.1/avr6/libgcc.a(_tablejump_elpm.o)
                                                  /Users/toanthanh/Downloads/Arduino.app/Contents/Java/hardware/tools/avr/bin/../lib/gcc/avr/4.8.1/avr6/libgcc.a(_ctors.o)
__udivmodsi4                                      /Users/toanthanh/Downloads/Arduino.app/Contents/Java/hardware/tools/avr/bin/../lib/gcc/avr/4.8.1/avr6/libgcc.a(_udivmodsi4.o)
                                                  /Users/toanthanh/Documents/workspace/ArduinoCore/Release/libArduinoCore.a(Print.o)
                                                  /Users/toanthanh/Documents/workspace/ArduinoCore/Release/libArduinoCore.a(HardwareSerial.o)
__unordsf2                                        /Users/toanthanh/Downloads/Arduino.app/Contents/Java/hardware/tools/avr/bin/../lib/gcc/avr/4.8.1/../../../../avr/lib/avr6/libm.a(unordsf2.o)
                                                  /Users/toanthanh/Documents/workspace/ArduinoCore/Release/libArduinoCore.a(Print.o)
__vector_1                                        /Users/toanthanh/Downloads/Arduino.app/Contents/Java/hardware/tools/avr/bin/../lib/gcc/avr/4.8.1/../../../../avr/lib/avr6/crtm2560.o
__vector_10                                       /Users/toanthanh/Downloads/Arduino.app/Contents/Java/hardware/tools/avr/bin/../lib/gcc/avr/4.8.1/../../../../avr/lib/avr6/crtm2560.o
__vector_11                                       /Users/toanthanh/Downloads/Arduino.app/Contents/Java/hardware/tools/avr/bin/../lib/gcc/avr/4.8.1/../../../../avr/lib/avr6/crtm2560.o
__vector_12                                       /Users/toanthanh/Downloads/Arduino.app/Contents/Java/hardware/tools/avr/bin/../lib/gcc/avr/4.8.1/../../../../avr/lib/avr6/crtm2560.o
__vector_13                                       /Users/toanthanh/Downloads/Arduino.app/Contents/Java/hardware/tools/avr/bin/../lib/gcc/avr/4.8.1/../../../../avr/lib/avr6/crtm2560.o
__vector_14                                       /Users/toanthanh/Downloads/Arduino.app/Contents/Java/hardware/tools/avr/bin/../lib/gcc/avr/4.8.1/../../../../avr/lib/avr6/crtm2560.o
__vector_15                                       /Users/toanthanh/Downloads/Arduino.app/Contents/Java/hardware/tools/avr/bin/../lib/gcc/avr/4.8.1/../../../../avr/lib/avr6/crtm2560.o
__vector_16                                       /Users/toanthanh/Downloads/Arduino.app/Contents/Java/hardware/tools/avr/bin/../lib/gcc/avr/4.8.1/../../../../avr/lib/avr6/crtm2560.o
__vector_17                                       /Users/toanthanh/Downloads/Arduino.app/Contents/Java/hardware/tools/avr/bin/../lib/gcc/avr/4.8.1/../../../../avr/lib/avr6/crtm2560.o
__vector_18                                       /Users/toanthanh/Downloads/Arduino.app/Contents/Java/hardware/tools/avr/bin/../lib/gcc/avr/4.8.1/../../../../avr/lib/avr6/crtm2560.o
__vector_19                                       /Users/toanthanh/Downloads/Arduino.app/Contents/Java/hardware/tools/avr/bin/../lib/gcc/avr/4.8.1/../../../../avr/lib/avr6/crtm2560.o
__vector_2                                        /Users/toanthanh/Downloads/Arduino.app/Contents/Java/hardware/tools/avr/bin/../lib/gcc/avr/4.8.1/../../../../avr/lib/avr6/crtm2560.o
__vector_20                                       /Users/toanthanh/Downloads/Arduino.app/Contents/Java/hardware/tools/avr/bin/../lib/gcc/avr/4.8.1/../../../../avr/lib/avr6/crtm2560.o
__vector_21                                       /Users/toanthanh/Downloads/Arduino.app/Contents/Java/hardware/tools/avr/bin/../lib/gcc/avr/4.8.1/../../../../avr/lib/avr6/crtm2560.o
__vector_22                                       /Users/toanthanh/Downloads/Arduino.app/Contents/Java/hardware/tools/avr/bin/../lib/gcc/avr/4.8.1/../../../../avr/lib/avr6/crtm2560.o
__vector_23                                       /Users/toanthanh/Documents/workspace/ArduinoCore/Release/libArduinoCore.a(wiring.o)
                                                  /Users/toanthanh/Downloads/Arduino.app/Contents/Java/hardware/tools/avr/bin/../lib/gcc/avr/4.8.1/../../../../avr/lib/avr6/crtm2560.o
__vector_24                                       /Users/toanthanh/Downloads/Arduino.app/Contents/Java/hardware/tools/avr/bin/../lib/gcc/avr/4.8.1/../../../../avr/lib/avr6/crtm2560.o
__vector_25                                       /Users/toanthanh/Documents/workspace/ArduinoCore/Release/libArduinoCore.a(HardwareSerial0.o)
                                                  /Users/toanthanh/Downloads/Arduino.app/Contents/Java/hardware/tools/avr/bin/../lib/gcc/avr/4.8.1/../../../../avr/lib/avr6/crtm2560.o
__vector_26                                       /Users/toanthanh/Documents/workspace/ArduinoCore/Release/libArduinoCore.a(HardwareSerial0.o)
                                                  /Users/toanthanh/Downloads/Arduino.app/Contents/Java/hardware/tools/avr/bin/../lib/gcc/avr/4.8.1/../../../../avr/lib/avr6/crtm2560.o
__vector_27                                       /Users/toanthanh/Downloads/Arduino.app/Contents/Java/hardware/tools/avr/bin/../lib/gcc/avr/4.8.1/../../../../avr/lib/avr6/crtm2560.o
__vector_28                                       /Users/toanthanh/Downloads/Arduino.app/Contents/Java/hardware/tools/avr/bin/../lib/gcc/avr/4.8.1/../../../../avr/lib/avr6/crtm2560.o
__vector_29                                       /Users/toanthanh/Downloads/Arduino.app/Contents/Java/hardware/tools/avr/bin/../lib/gcc/avr/4.8.1/../../../../avr/lib/avr6/crtm2560.o
__vector_3                                        /Users/toanthanh/Downloads/Arduino.app/Contents/Java/hardware/tools/avr/bin/../lib/gcc/avr/4.8.1/../../../../avr/lib/avr6/crtm2560.o
__vector_30                                       /Users/toanthanh/Downloads/Arduino.app/Contents/Java/hardware/tools/avr/bin/../lib/gcc/avr/4.8.1/../../../../avr/lib/avr6/crtm2560.o
__vector_31                                       /Users/toanthanh/Downloads/Arduino.app/Contents/Java/hardware/tools/avr/bin/../lib/gcc/avr/4.8.1/../../../../avr/lib/avr6/crtm2560.o
__vector_32                                       /Users/toanthanh/Downloads/Arduino.app/Contents/Java/hardware/tools/avr/bin/../lib/gcc/avr/4.8.1/../../../../avr/lib/avr6/crtm2560.o
__vector_33                                       /Users/toanthanh/Downloads/Arduino.app/Contents/Java/hardware/tools/avr/bin/../lib/gcc/avr/4.8.1/../../../../avr/lib/avr6/crtm2560.o
__vector_34                                       /Users/toanthanh/Downloads/Arduino.app/Contents/Java/hardware/tools/avr/bin/../lib/gcc/avr/4.8.1/../../../../avr/lib/avr6/crtm2560.o
__vector_35                                       /Users/toanthanh/Downloads/Arduino.app/Contents/Java/hardware/tools/avr/bin/../lib/gcc/avr/4.8.1/../../../../avr/lib/avr6/crtm2560.o
__vector_36                                       /Users/toanthanh/Downloads/Arduino.app/Contents/Java/hardware/tools/avr/bin/../lib/gcc/avr/4.8.1/../../../../avr/lib/avr6/crtm2560.o
__vector_37                                       /Users/toanthanh/Downloads/Arduino.app/Contents/Java/hardware/tools/avr/bin/../lib/gcc/avr/4.8.1/../../../../avr/lib/avr6/crtm2560.o
__vector_38                                       /Users/toanthanh/Downloads/Arduino.app/Contents/Java/hardware/tools/avr/bin/../lib/gcc/avr/4.8.1/../../../../avr/lib/avr6/crtm2560.o
__vector_39                                       /Users/toanthanh/Downloads/Arduino.app/Contents/Java/hardware/tools/avr/bin/../lib/gcc/avr/4.8.1/../../../../avr/lib/avr6/crtm2560.o
__vector_4                                        /Users/toanthanh/Downloads/Arduino.app/Contents/Java/hardware/tools/avr/bin/../lib/gcc/avr/4.8.1/../../../../avr/lib/avr6/crtm2560.o
__vector_40                                       /Users/toanthanh/Downloads/Arduino.app/Contents/Java/hardware/tools/avr/bin/../lib/gcc/avr/4.8.1/../../../../avr/lib/avr6/crtm2560.o
__vector_41                                       /Users/toanthanh/Downloads/Arduino.app/Contents/Java/hardware/tools/avr/bin/../lib/gcc/avr/4.8.1/../../../../avr/lib/avr6/crtm2560.o
__vector_42                                       /Users/toanthanh/Downloads/Arduino.app/Contents/Java/hardware/tools/avr/bin/../lib/gcc/avr/4.8.1/../../../../avr/lib/avr6/crtm2560.o
__vector_43                                       /Users/toanthanh/Downloads/Arduino.app/Contents/Java/hardware/tools/avr/bin/../lib/gcc/avr/4.8.1/../../../../avr/lib/avr6/crtm2560.o
__vector_44                                       /Users/toanthanh/Downloads/Arduino.app/Contents/Java/hardware/tools/avr/bin/../lib/gcc/avr/4.8.1/../../../../avr/lib/avr6/crtm2560.o
__vector_45                                       /Users/toanthanh/Downloads/Arduino.app/Contents/Java/hardware/tools/avr/bin/../lib/gcc/avr/4.8.1/../../../../avr/lib/avr6/crtm2560.o
__vector_46                                       /Users/toanthanh/Downloads/Arduino.app/Contents/Java/hardware/tools/avr/bin/../lib/gcc/avr/4.8.1/../../../../avr/lib/avr6/crtm2560.o
__vector_47                                       /Users/toanthanh/Downloads/Arduino.app/Contents/Java/hardware/tools/avr/bin/../lib/gcc/avr/4.8.1/../../../../avr/lib/avr6/crtm2560.o
__vector_48                                       /Users/toanthanh/Downloads/Arduino.app/Contents/Java/hardware/tools/avr/bin/../lib/gcc/avr/4.8.1/../../../../avr/lib/avr6/crtm2560.o
__vector_49                                       /Users/toanthanh/Downloads/Arduino.app/Contents/Java/hardware/tools/avr/bin/../lib/gcc/avr/4.8.1/../../../../avr/lib/avr6/crtm2560.o
__vector_5                                        /Users/toanthanh/Downloads/Arduino.app/Contents/Java/hardware/tools/avr/bin/../lib/gcc/avr/4.8.1/../../../../avr/lib/avr6/crtm2560.o
__vector_50                                       /Users/toanthanh/Downloads/Arduino.app/Contents/Java/hardware/tools/avr/bin/../lib/gcc/avr/4.8.1/../../../../avr/lib/avr6/crtm2560.o
__vector_51                                       /Users/toanthanh/Downloads/Arduino.app/Contents/Java/hardware/tools/avr/bin/../lib/gcc/avr/4.8.1/../../../../avr/lib/avr6/crtm2560.o
__vector_52                                       /Users/toanthanh/Downloads/Arduino.app/Contents/Java/hardware/tools/avr/bin/../lib/gcc/avr/4.8.1/../../../../avr/lib/avr6/crtm2560.o
__vector_53                                       /Users/toanthanh/Downloads/Arduino.app/Contents/Java/hardware/tools/avr/bin/../lib/gcc/avr/4.8.1/../../../../avr/lib/avr6/crtm2560.o
__vector_54                                       /Users/toanthanh/Downloads/Arduino.app/Contents/Java/hardware/tools/avr/bin/../lib/gcc/avr/4.8.1/../../../../avr/lib/avr6/crtm2560.o
__vector_55                                       /Users/toanthanh/Downloads/Arduino.app/Contents/Java/hardware/tools/avr/bin/../lib/gcc/avr/4.8.1/../../../../avr/lib/avr6/crtm2560.o
__vector_56                                       /Users/toanthanh/Downloads/Arduino.app/Contents/Java/hardware/tools/avr/bin/../lib/gcc/avr/4.8.1/../../../../avr/lib/avr6/crtm2560.o
__vector_6                                        /Users/toanthanh/Downloads/Arduino.app/Contents/Java/hardware/tools/avr/bin/../lib/gcc/avr/4.8.1/../../../../avr/lib/avr6/crtm2560.o
__vector_7                                        /Users/toanthanh/Downloads/Arduino.app/Contents/Java/hardware/tools/avr/bin/../lib/gcc/avr/4.8.1/../../../../avr/lib/avr6/crtm2560.o
__vector_8                                        /Users/toanthanh/Downloads/Arduino.app/Contents/Java/hardware/tools/avr/bin/../lib/gcc/avr/4.8.1/../../../../avr/lib/avr6/crtm2560.o
__vector_9                                        /Users/toanthanh/Downloads/Arduino.app/Contents/Java/hardware/tools/avr/bin/../lib/gcc/avr/4.8.1/../../../../avr/lib/avr6/crtm2560.o
__vector_default                                  /Users/toanthanh/Downloads/Arduino.app/Contents/Java/hardware/tools/avr/bin/../lib/gcc/avr/4.8.1/../../../../avr/lib/avr6/crtm2560.o
__vectors                                         /Users/toanthanh/Downloads/Arduino.app/Contents/Java/hardware/tools/avr/bin/../lib/gcc/avr/4.8.1/../../../../avr/lib/avr6/crtm2560.o
_exit                                             /Users/toanthanh/Downloads/Arduino.app/Contents/Java/hardware/tools/avr/bin/../lib/gcc/avr/4.8.1/avr6/libgcc.a(_exit.o)
                                                  /Users/toanthanh/Downloads/Arduino.app/Contents/Java/hardware/tools/avr/bin/../lib/gcc/avr/4.8.1/../../../../avr/lib/avr6/libc.a(abort.o)
abort                                             /Users/toanthanh/Downloads/Arduino.app/Contents/Java/hardware/tools/avr/bin/../lib/gcc/avr/4.8.1/../../../../avr/lib/avr6/libc.a(abort.o)
                                                  /Users/toanthanh/Documents/workspace/ArduinoCore/Release/libArduinoCore.a(abi.o)
analogRead                                        /Users/toanthanh/Documents/workspace/ArduinoCore/Release/libArduinoCore.a(wiring_analog.o)
                                                  ./src/main.o
analogReference                                   /Users/toanthanh/Documents/workspace/ArduinoCore/Release/libArduinoCore.a(wiring_analog.o)
analogWrite                                       /Users/toanthanh/Documents/workspace/ArduinoCore/Release/libArduinoCore.a(wiring_analog.o)
analog_reference                                  /Users/toanthanh/Documents/workspace/ArduinoCore/Release/libArduinoCore.a(wiring_analog.o)
delay                                             /Users/toanthanh/Documents/workspace/ArduinoCore/Release/libArduinoCore.a(wiring.o)
                                                  ./src/main.o
delayMicroseconds                                 /Users/toanthanh/Documents/workspace/ArduinoCore/Release/libArduinoCore.a(wiring.o)
digitalRead                                       /Users/toanthanh/Documents/workspace/ArduinoCore/Release/libArduinoCore.a(wiring_digital.o)
digitalWrite                                      /Users/toanthanh/Documents/workspace/ArduinoCore/Release/libArduinoCore.a(wiring_digital.o)
                                                  /Users/toanthanh/Documents/workspace/ArduinoCore/Release/libArduinoCore.a(wiring_analog.o)
                                                  ./lib/CS_MQ7.o
digital_pin_to_bit_mask_PGM                       /Users/toanthanh/Documents/workspace/ArduinoCore/Release/libArduinoCore.a(wiring_digital.o)
digital_pin_to_port_PGM                           /Users/toanthanh/Documents/workspace/ArduinoCore/Release/libArduinoCore.a(wiring_digital.o)
digital_pin_to_timer_PGM                          /Users/toanthanh/Documents/workspace/ArduinoCore/Release/libArduinoCore.a(wiring_digital.o)
                                                  /Users/toanthanh/Documents/workspace/ArduinoCore/Release/libArduinoCore.a(wiring_analog.o)
exit                                              /Users/toanthanh/Downloads/Arduino.app/Contents/Java/hardware/tools/avr/bin/../lib/gcc/avr/4.8.1/avr6/libgcc.a(_exit.o)
                                                  /Users/toanthanh/Downloads/Arduino.app/Contents/Java/hardware/tools/avr/bin/../lib/gcc/avr/4.8.1/../../../../avr/lib/avr6/crtm2560.o
init                                              /Users/toanthanh/Documents/workspace/ArduinoCore/Release/libArduinoCore.a(wiring.o)
                                                  ./src/main.o
loop                                              ./src/main.o
main                                              ./src/main.o
                                                  /Users/toanthanh/Downloads/Arduino.app/Contents/Java/hardware/tools/avr/bin/../lib/gcc/avr/4.8.1/../../../../avr/lib/avr6/crtm2560.o
micros                                            /Users/toanthanh/Documents/workspace/ArduinoCore/Release/libArduinoCore.a(wiring.o)
millis                                            /Users/toanthanh/Documents/workspace/ArduinoCore/Release/libArduinoCore.a(wiring.o)
                                                  ./lib/CS_MQ7.o
pinMode                                           /Users/toanthanh/Documents/workspace/ArduinoCore/Release/libArduinoCore.a(wiring_digital.o)
                                                  /Users/toanthanh/Documents/workspace/ArduinoCore/Release/libArduinoCore.a(wiring_analog.o)
                                                  ./lib/CS_MQ7.o
port_to_input_PGM                                 /Users/toanthanh/Documents/workspace/ArduinoCore/Release/libArduinoCore.a(wiring_digital.o)
port_to_mode_PGM                                  /Users/toanthanh/Documents/workspace/ArduinoCore/Release/libArduinoCore.a(wiring_digital.o)
port_to_output_PGM                                /Users/toanthanh/Documents/workspace/ArduinoCore/Release/libArduinoCore.a(wiring_digital.o)
setup                                             ./src/main.o
timer0_millis                                     /Users/toanthanh/Documents/workspace/ArduinoCore/Release/libArduinoCore.a(wiring.o)
timer0_overflow_count                             /Users/toanthanh/Documents/workspace/ArduinoCore/Release/libArduinoCore.a(wiring.o)
yield                                             /Users/toanthanh/Documents/workspace/ArduinoCore/Release/libArduinoCore.a(hooks.o)
                                                  /Users/toanthanh/Documents/workspace/ArduinoCore/Release/libArduinoCore.a(wiring.o)
